#-----------------------------------------------------------
# Vivado v2022.2 (64-bit)
# SW Build 3671981 on Fri Oct 14 05:00:03 MDT 2022
# IP Build 3669848 on Fri Oct 14 08:30:02 MDT 2022
# Start of session at: Tue Aug 27 19:29:25 2024
# Process ID: 5384
# Current directory: C:/Users/mati9/Documents/02-lockin_red_pitaya/hardware
# Command line: vivado.exe -gui_launcher_event rodinguilauncherevent9484 C:\Users\mati9\Documents\02-lockin_red_pitaya\hardware\lockin.xpr
# Log file: C:/Users/mati9/Documents/02-lockin_red_pitaya/hardware/vivado.log
# Journal file: C:/Users/mati9/Documents/02-lockin_red_pitaya/hardware\vivado.jou
# Running On: DESKTOP-TN92N90, OS: Windows, CPU Frequency: 3014 MHz, CPU Physical cores: 2, Host memory: 8588 MB
#-----------------------------------------------------------
start_gui
open_project C:/Users/mati9/Documents/02-lockin_red_pitaya/hardware/lockin.xpr
update_compile_order -fileset sources_1
update_module_reference {system_delay_axi_streaming_0_0 system_delay_axi_streaming_1_0}
update_module_reference system_decimator_0_0
update_module_reference system_linear_mean_0_0
regenerate_bd_layout
group_bd_cells Control [get_bd_cells uP] [get_bd_cells uP_control]
set_property name data_in_valid [get_bd_pins Control/axi_str_rxd_tvalid1]
set_property name data_in [get_bd_pins Control/axi_str_rxd_tdata]
set_property name adc_clk [get_bd_pins Control/s_axi_aclk]
set_property name finished [get_bd_pins Control/gpio_io_i3]
set_property name data_cuad [get_bd_pins Control/Din1]
set_property name data_fase [get_bd_pins Control/Din2]
set_property name N_datos_promediados [get_bd_pins Control/gpio_io_i]
set_property name reset_n_from_ctrl [get_bd_pins Control/Dout]
set_property name M [get_bd_pins Control/gpio_io_o]
set_property name N_ma [get_bd_pins Control/gpio2_io_o]
set_property name enable_from_ctrl [get_bd_pins Control/Dout1]
set_property name gpio2_data_source [get_bd_pins Control/gpio2_io_o1]
set_property name data_source [get_bd_pins Control/gpio2_data_source]
set_property name dac_phase [get_bd_pins Control/gpio_io_o2]
set_property name ref_phase [get_bd_pins Control/gpio2_io_o2]
set_property name decimate_value [get_bd_pins Control/gpio_io_o1]
set_property name decimate_mode [get_bd_pins Control/gpio2_io_o3]
group_bd_cells Fuente_datos [get_bd_cells selector_data_in] [get_bd_cells referencias] [get_bd_cells ADC]
regenerate_bd_layout
set_property name ref_fase [get_bd_pins Fuente_datos/data_out1]
set_property name ref_cuad [get_bd_pins Fuente_datos/data_out2]
set_property name ref_valid [get_bd_pins Fuente_datos/c]
regenerate_bd_layout
save_bd_design
reset_run synth_1
launch_runs impl_1 -to_step write_bitstream -jobs 2
wait_on_run impl_1
regenerate_bd_layout
open_run impl_1
