#-----------------------------------------------------------
# Vivado v2022.2 (64-bit)
# SW Build 3671981 on Fri Oct 14 05:00:03 MDT 2022
# IP Build 3669848 on Fri Oct 14 08:30:02 MDT 2022
# Start of session at: Fri Aug 30 12:41:13 2024
# Process ID: 6004
# Current directory: C:/Users/MatiOliva/Documents/00-lockin_redpitaya/hardware
# Command line: vivado.exe -gui_launcher_event rodinguilauncherevent10576 C:\Users\MatiOliva\Documents\00-lockin_redpitaya\hardware\lockin.xpr
# Log file: C:/Users/MatiOliva/Documents/00-lockin_redpitaya/hardware/vivado.log
# Journal file: C:/Users/MatiOliva/Documents/00-lockin_redpitaya/hardware\vivado.jou
# Running On: DESKTOP-BRUHM76, OS: Windows, CPU Frequency: 3912 MHz, CPU Physical cores: 2, Host memory: 17041 MB
#-----------------------------------------------------------
start_gui
open_project C:/Users/MatiOliva/Documents/00-lockin_redpitaya/hardware/lockin.xpr
open_bd_design {C:/Users/MatiOliva/Documents/00-lockin_redpitaya/hardware/lockin.srcs/sources_1/bd/system/system.bd}
update_compile_order -fileset sources_1
update_module_reference {system_delay_axi_streaming_0_0 system_delay_axi_streaming_1_0}
copy_bd_objs /  [get_bd_cells {Fuente_datos/referencias/ref_sen}]
move_bd_cells [get_bd_cells Fuente_datos/referencias] [get_bd_cells ref_sen]
set_property name data_in_sim [get_bd_cells Fuente_datos/referencias/ref_sen_1]
set_property -dict [list \
  CONFIG.DIN_TO {2} \
  CONFIG.DIN_WIDTH {16} \
] [get_bd_cells Fuente_datos/referencias/data_in_sim]
move_bd_cells [get_bd_cells /] [get_bd_cells Fuente_datos/referencias/data_in_sim]
move_bd_cells [get_bd_cells Fuente_datos] [get_bd_cells data_in_sim]
delete_bd_objs [get_bd_nets Fuente_datos/referencias_Dout1]
connect_bd_net [get_bd_pins Fuente_datos/referencias/Dout1] [get_bd_pins Fuente_datos/data_in_sim/Din]
connect_bd_net [get_bd_pins Fuente_datos/data_in_sim/Dout] [get_bd_pins Fuente_datos/selector_data_in/data_in_0]
set_property location {1.5 1356 -1579} [get_bd_cells Fuente_datos/data_in_sim]
regenerate_bd_layout
regenerate_bd_layout
open_hw_manager
save_bd_design
reset_run synth_1
launch_runs impl_1 -to_step write_bitstream -jobs 2
wait_on_run impl_1
open_run impl_1
open_bd_design {C:/Users/MatiOliva/Documents/00-lockin_redpitaya/hardware/lockin.srcs/sources_1/bd/system/system.bd}
